warning: data source drift since last plan: ["streamflow"] — relocking
summed Q' gauge filter: dropped 513 headwater (matches training's dataset filter)
summed Q': 2698 gauges × 79889 unique upstream divides × 3652 days
workflow TrainAndTest
drift    ["streamflow"]
adjacency
  network /home/tbindas/projects/ddr/data/merit_conus_adjacency.zarr
  gauges  /home/tbindas/projects/ddr/data/merit_gages_conus_adjacency.zarr
  cache  (explicit paths — no managed build)

================================================================================
                           SUMMED Q' METRICS SUMMARY                            
================================================================================
Total Gauges Evaluated: 2698
--------------------------------------------------------------------------------
METRIC          MEDIAN      MEAN       Q25       Q75   VALID
--------------------------------------------------------------------------------
Bias             0.737     2.122     0.097     2.052    2698
FLV (%)          41.25   7069.40      8.10    132.37    2633
FHV (%)           1.27     27.04     -8.90     11.43    2698
KGE              0.770     0.195     0.608     0.853    2698
NSE              0.734   -61.883     0.543     0.827    2698
================================================================================
baseline computed → /home/tbindas/projects/ddrs/.ddrs/baselines/abe830ef3781964b
