warning: data source drift since last plan: ["streamflow"] — relocking
summed Q' gauge filter: dropped 513 headwater (matches training's dataset filter)
summed Q': 2698 gauges × 79889 unique upstream divides × 3652 days
workflow TrainAndTest
drift    ["streamflow"]
adjacency
  network /home/tbindas/projects/ddr/data/merit_conus_adjacency.zarr
  gauges  /home/tbindas/projects/ddr/data/merit_gages_conus_adjacency.zarr
  cache  (explicit paths — no managed build)

================================================================================
                           SUMMED Q' METRICS SUMMARY                            
================================================================================
Total Gauges Evaluated: 2698
--------------------------------------------------------------------------------
METRIC          MEDIAN      MEAN       Q25       Q75   VALID
--------------------------------------------------------------------------------
Bias            -0.335    -0.296    -2.667     0.822    2698
FLV (%)           4.93  17630.26    -27.29     86.17    2633
FHV (%)          15.06     69.90     -6.55     48.28    2698
KGE              0.471    -0.571     0.183     0.638    2698
NSE              0.122  -127.200    -0.574     0.489    2698
================================================================================
baseline computed → /home/tbindas/projects/ddrs/.ddrs/baselines/7b6fd0ba64be6ae2
