summed Q' gauge filter: dropped 513 headwater (matches training's dataset filter)
summed Q': 2698 gauges × 79889 unique upstream divides × 3652 days
workflow TrainAndTest
drift    []
adjacency
  network /home/tbindas/projects/ddr/data/merit_conus_adjacency.zarr
  gauges  /home/tbindas/projects/ddr/data/merit_gages_conus_adjacency.zarr
  cache  (explicit paths — no managed build)

================================================================================
                           SUMMED Q' METRICS SUMMARY                            
================================================================================
Total Gauges Evaluated: 2698
--------------------------------------------------------------------------------
METRIC          MEDIAN      MEAN       Q25       Q75   VALID
--------------------------------------------------------------------------------
Bias             0.282     1.899    -0.620     1.790    2698
FLV (%)          41.63  13643.08     -0.86    159.64    2633
FHV (%)           2.16     46.52    -14.98     26.09    2698
KGE              0.655    -0.244     0.387     0.785    2698
NSE              0.614  -132.320     0.232     0.772    2698
================================================================================
baseline computed → /home/tbindas/projects/ddrs/.ddrs/baselines/367784ef8974b46f
