summed Q' gauge filter: dropped 513 headwater (matches training's dataset filter)
summed Q': 2698 gauges × 79889 unique upstream divides × 3652 days
workflow TrainAndTest
drift    []
adjacency
  network /home/tbindas/projects/ddr/data/merit_conus_adjacency.zarr
  gauges  /home/tbindas/projects/ddr/data/merit_gages_conus_adjacency.zarr
  cache  (explicit paths — no managed build)

================================================================================
                           SUMMED Q' METRICS SUMMARY                            
================================================================================
Total Gauges Evaluated: 2698
--------------------------------------------------------------------------------
METRIC          MEDIAN      MEAN       Q25       Q75   VALID
--------------------------------------------------------------------------------
Bias            -0.761    -1.125    -4.092     0.459    2698
FLV (%)           7.48   8104.71    -21.01     72.84    2633
FHV (%)          -8.64     49.76    -25.67     16.33    2698
KGE              0.539    -0.598     0.320     0.657    2698
NSE              0.446  -270.316     0.019     0.613    2698
================================================================================
baseline computed → /home/tbindas/projects/ddrs/.ddrs/baselines/8e6b5af4534def3c
