run output → /home/tbindas/projects/ddrs/.ddrs/runs/2026-09-30T13-50-59Z-train-and-test
[2026-09-30T13:50:59Z] backend: cpu (NdArray, deterministic; sparse_solver forced to cpu)
[2026-09-30T13:50:59Z] DA_VALID filter: kept 2859/3211 gauges
[2026-09-30T13:50:59Z] gages_adjacency filter: kept 2365 gauges (dropped 0 missing, 494 headwater)
[2026-09-30T13:50:59Z] streamflow resolution: Daily
[2026-09-30T13:50:59Z] optimizer: Adam
[2026-09-30T13:50:59Z] warm start: loaded KAN head from /home/tbindas/projects/ddrs/.ddrs/runs/2026-09-27T10-31-30Z-train-and-test/checkpoints/epoch_50_mb_9/head
[2026-09-30T13:50:59Z] warm start: restored Adam state from /home/tbindas/projects/ddrs/.ddrs/runs/2026-09-27T10-31-30Z-train-and-test/checkpoints/epoch_50_mb_9/optim.mpk
[2026-09-30T13:50:59Z] warm start: resuming at epoch 50 mb 10 (rng + sampler restored)
[2026-09-30T13:50:59Z] epoch 50 lr=0.001
[2026-09-30T13:51:00Z] DA_VALID filter: kept 2859/3211 gauges
[2026-09-30T13:51:00Z] gages_adjacency filter: kept 2365 gauges (dropped 0 missing, 494 headwater)
[2026-09-30T13:51:00Z] streamflow resolution: Daily
[2026-09-30T13:51:00Z] Phase 1 took no optimizer step and wrote no checkpoint; testing the resumed checkpoint /home/tbindas/projects/ddrs/.ddrs/runs/2026-09-27T10-31-30Z-train-and-test/checkpoints/epoch_50_mb_9
[2026-09-30T13:51:07Z]   chunk 1/366: days 0..15 (15 days)
[2026-09-30T13:51:13Z]   chunk 2/366: days 15..30 (15 days)
[2026-09-30T13:51:21Z]   chunk 3/366: days 30..45 (15 days)
[2026-09-30T13:51:28Z]   chunk 4/366: days 45..60 (15 days)
[2026-09-30T13:51:35Z]   chunk 5/366: days 60..75 (15 days)
[2026-09-30T13:51:42Z]   chunk 6/366: days 75..90 (15 days)
[2026-09-30T13:51:49Z]   chunk 7/366: days 90..105 (15 days)
[2026-09-30T13:51:56Z]   chunk 8/366: days 105..120 (15 days)
[2026-09-30T13:52:02Z]   chunk 9/366: days 120..135 (15 days)
[2026-09-30T13:52:10Z]   chunk 10/366: days 135..150 (15 days)
[2026-09-30T13:52:16Z]   chunk 11/366: days 150..165 (15 days)
[2026-09-30T13:52:23Z]   chunk 12/366: days 165..180 (15 days)
[2026-09-30T13:52:29Z]   chunk 13/366: days 180..195 (15 days)
[2026-09-30T13:52:36Z]   chunk 14/366: days 195..210 (15 days)
[2026-09-30T13:52:43Z]   chunk 15/366: days 210..225 (15 days)
[2026-09-30T13:52:49Z]   chunk 16/366: days 225..240 (15 days)
[2026-09-30T13:52:56Z]   chunk 17/366: days 240..255 (15 days)
[2026-09-30T13:53:02Z]   chunk 18/366: days 255..270 (15 days)
[2026-09-30T13:53:08Z]   chunk 19/366: days 270..285 (15 days)
[2026-09-30T13:53:15Z]   chunk 20/366: days 285..300 (15 days)
[2026-09-30T13:53:21Z]   chunk 21/366: days 300..315 (15 days)
[2026-09-30T13:53:28Z]   chunk 22/366: days 315..330 (15 days)
[2026-09-30T13:53:33Z]   chunk 23/366: days 330..345 (15 days)
[2026-09-30T13:53:40Z]   chunk 24/366: days 345..360 (15 days)
[2026-09-30T13:53:46Z]   chunk 25/366: days 360..375 (15 days)
[2026-09-30T13:53:52Z]   chunk 26/366: days 375..390 (15 days)
[2026-09-30T13:53:58Z]   chunk 27/366: days 390..405 (15 days)
[2026-09-30T13:54:04Z]   chunk 28/366: days 405..420 (15 days)
[2026-09-30T13:54:10Z]   chunk 29/366: days 420..435 (15 days)
[2026-09-30T13:54:16Z]   chunk 30/366: days 435..450 (15 days)
[2026-09-30T13:54:22Z]   chunk 31/366: days 450..465 (15 days)
[2026-09-30T13:54:28Z]   chunk 32/366: days 465..480 (15 days)
[2026-09-30T13:54:35Z]   chunk 33/366: days 480..495 (15 days)
[2026-09-30T13:54:41Z]   chunk 34/366: days 495..510 (15 days)
[2026-09-30T13:54:47Z]   chunk 35/366: days 510..525 (15 days)
[2026-09-30T13:54:53Z]   chunk 36/366: days 525..540 (15 days)
[2026-09-30T13:55:00Z]   chunk 37/366: days 540..555 (15 days)
[2026-09-30T13:55:06Z]   chunk 38/366: days 555..570 (15 days)
[2026-09-30T13:55:12Z]   chunk 39/366: days 570..585 (15 days)
[2026-09-30T13:55:18Z]   chunk 40/366: days 585..600 (15 days)
[2026-09-30T13:55:24Z]   chunk 41/366: days 600..615 (15 days)
[2026-09-30T13:55:30Z]   chunk 42/366: days 615..630 (15 days)
[2026-09-30T13:55:36Z]   chunk 43/366: days 630..645 (15 days)
[2026-09-30T13:55:42Z]   chunk 44/366: days 645..660 (15 days)
[2026-09-30T13:55:48Z]   chunk 45/366: days 660..675 (15 days)
[2026-09-30T13:55:54Z]   chunk 46/366: days 675..690 (15 days)
[2026-09-30T13:56:00Z]   chunk 47/366: days 690..705 (15 days)
[2026-09-30T13:56:07Z]   chunk 48/366: days 705..720 (15 days)
[2026-09-30T13:56:13Z]   chunk 49/366: days 720..735 (15 days)
[2026-09-30T13:56:19Z]   chunk 50/366: days 735..750 (15 days)
[2026-09-30T13:56:26Z]   chunk 51/366: days 750..765 (15 days)
[2026-09-30T13:56:32Z]   chunk 52/366: days 765..780 (15 days)
[2026-09-30T13:56:38Z]   chunk 53/366: days 780..795 (15 days)
[2026-09-30T13:56:45Z]   chunk 54/366: days 795..810 (15 days)
[2026-09-30T13:56:51Z]   chunk 55/366: days 810..825 (15 days)
[2026-09-30T13:56:57Z]   chunk 56/366: days 825..840 (15 days)
[2026-09-30T13:57:03Z]   chunk 57/366: days 840..855 (15 days)
[2026-09-30T13:57:09Z]   chunk 58/366: days 855..870 (15 days)
[2026-09-30T13:57:15Z]   chunk 59/366: days 870..885 (15 days)
[2026-09-30T13:57:22Z]   chunk 60/366: days 885..900 (15 days)
[2026-09-30T13:57:27Z]   chunk 61/366: days 900..915 (15 days)
[2026-09-30T13:57:34Z]   chunk 62/366: days 915..930 (15 days)
[2026-09-30T13:57:40Z]   chunk 63/366: days 930..945 (15 days)
[2026-09-30T13:57:46Z]   chunk 64/366: days 945..960 (15 days)
[2026-09-30T13:57:52Z]   chunk 65/366: days 960..975 (15 days)
[2026-09-30T13:57:59Z]   chunk 66/366: days 975..990 (15 days)
[2026-09-30T13:58:05Z]   chunk 67/366: days 990..1005 (15 days)
[2026-09-30T13:58:11Z]   chunk 68/366: days 1005..1020 (15 days)
[2026-09-30T13:58:16Z]   chunk 69/366: days 1020..1035 (15 days)
[2026-09-30T13:58:23Z]   chunk 70/366: days 1035..1050 (15 days)
[2026-09-30T13:58:29Z]   chunk 71/366: days 1050..1065 (15 days)
[2026-09-30T13:58:35Z]   chunk 72/366: days 1065..1080 (15 days)
[2026-09-30T13:58:42Z]   chunk 73/366: days 1080..1095 (15 days)
[2026-09-30T13:58:48Z]   chunk 74/366: days 1095..1110 (15 days)
[2026-09-30T13:58:54Z]   chunk 75/366: days 1110..1125 (15 days)
[2026-09-30T13:59:00Z]   chunk 76/366: days 1125..1140 (15 days)
[2026-09-30T13:59:06Z]   chunk 77/366: days 1140..1155 (15 days)
[2026-09-30T13:59:13Z]   chunk 78/366: days 1155..1170 (15 days)
[2026-09-30T13:59:20Z]   chunk 79/366: days 1170..1185 (15 days)
[2026-09-30T13:59:27Z]   chunk 80/366: days 1185..1200 (15 days)
[2026-09-30T13:59:36Z]   chunk 81/366: days 1200..1215 (15 days)
[2026-09-30T13:59:43Z]   chunk 82/366: days 1215..1230 (15 days)
[2026-09-30T13:59:50Z]   chunk 83/366: days 1230..1245 (15 days)
[2026-09-30T13:59:57Z]   chunk 84/366: days 1245..1260 (15 days)
[2026-09-30T14:00:04Z]   chunk 85/366: days 1260..1275 (15 days)
[2026-09-30T14:00:12Z]   chunk 86/366: days 1275..1290 (15 days)
[2026-09-30T14:00:19Z]   chunk 87/366: days 1290..1305 (15 days)
[2026-09-30T14:00:26Z]   chunk 88/366: days 1305..1320 (15 days)
[2026-09-30T14:00:33Z]   chunk 89/366: days 1320..1335 (15 days)
[2026-09-30T14:00:40Z]   chunk 90/366: days 1335..1350 (15 days)
[2026-09-30T14:00:47Z]   chunk 91/366: days 1350..1365 (15 days)
[2026-09-30T14:00:54Z]   chunk 92/366: days 1365..1380 (15 days)
[2026-09-30T14:01:02Z]   chunk 93/366: days 1380..1395 (15 days)
[2026-09-30T14:01:08Z]   chunk 94/366: days 1395..1410 (15 days)
[2026-09-30T14:01:14Z]   chunk 95/366: days 1410..1425 (15 days)
[2026-09-30T14:01:21Z]   chunk 96/366: days 1425..1440 (15 days)
[2026-09-30T14:01:27Z]   chunk 97/366: days 1440..1455 (15 days)
[2026-09-30T14:01:34Z]   chunk 98/366: days 1455..1470 (15 days)
[2026-09-30T14:01:40Z]   chunk 99/366: days 1470..1485 (15 days)
[2026-09-30T14:01:46Z]   chunk 100/366: days 1485..1500 (15 days)
[2026-09-30T14:01:52Z]   chunk 101/366: days 1500..1515 (15 days)
[2026-09-30T14:01:59Z]   chunk 102/366: days 1515..1530 (15 days)
[2026-09-30T14:02:05Z]   chunk 103/366: days 1530..1545 (15 days)
[2026-09-30T14:02:11Z]   chunk 104/366: days 1545..1560 (15 days)
[2026-09-30T14:02:17Z]   chunk 105/366: days 1560..1575 (15 days)
[2026-09-30T14:02:23Z]   chunk 106/366: days 1575..1590 (15 days)
[2026-09-30T14:02:29Z]   chunk 107/366: days 1590..1605 (15 days)
[2026-09-30T14:02:37Z]   chunk 108/366: days 1605..1620 (15 days)
[2026-09-30T14:02:43Z]   chunk 109/366: days 1620..1635 (15 days)
[2026-09-30T14:02:49Z]   chunk 110/366: days 1635..1650 (15 days)
[2026-09-30T14:02:57Z]   chunk 111/366: days 1650..1665 (15 days)
[2026-09-30T14:03:04Z]   chunk 112/366: days 1665..1680 (15 days)
[2026-09-30T14:03:11Z]   chunk 113/366: days 1680..1695 (15 days)
[2026-09-30T14:03:18Z]   chunk 114/366: days 1695..1710 (15 days)
[2026-09-30T14:03:24Z]   chunk 115/366: days 1710..1725 (15 days)
[2026-09-30T14:03:30Z]   chunk 116/366: days 1725..1740 (15 days)
[2026-09-30T14:03:37Z]   chunk 117/366: days 1740..1755 (15 days)
[2026-09-30T14:03:43Z]   chunk 118/366: days 1755..1770 (15 days)
[2026-09-30T14:03:52Z]   chunk 119/366: days 1770..1785 (15 days)
[2026-09-30T14:03:58Z]   chunk 120/366: days 1785..1800 (15 days)
[2026-09-30T14:04:06Z]   chunk 121/366: days 1800..1815 (15 days)
[2026-09-30T14:04:12Z]   chunk 122/366: days 1815..1830 (15 days)
[2026-09-30T14:04:18Z]   chunk 123/366: days 1830..1845 (15 days)
[2026-09-30T14:04:25Z]   chunk 124/366: days 1845..1860 (15 days)
[2026-09-30T14:04:31Z]   chunk 125/366: days 1860..1875 (15 days)
[2026-09-30T14:04:38Z]   chunk 126/366: days 1875..1890 (15 days)
[2026-09-30T14:04:45Z]   chunk 127/366: days 1890..1905 (15 days)
[2026-09-30T14:04:52Z]   chunk 128/366: days 1905..1920 (15 days)
[2026-09-30T14:04:58Z]   chunk 129/366: days 1920..1935 (15 days)
[2026-09-30T14:05:04Z]   chunk 130/366: days 1935..1950 (15 days)
[2026-09-30T14:05:10Z]   chunk 131/366: days 1950..1965 (15 days)
[2026-09-30T14:05:16Z]   chunk 132/366: days 1965..1980 (15 days)
[2026-09-30T14:05:22Z]   chunk 133/366: days 1980..1995 (15 days)
[2026-09-30T14:05:28Z]   chunk 134/366: days 1995..2010 (15 days)
[2026-09-30T14:05:35Z]   chunk 135/366: days 2010..2025 (15 days)
[2026-09-30T14:05:41Z]   chunk 136/366: days 2025..2040 (15 days)
[2026-09-30T14:05:48Z]   chunk 137/366: days 2040..2055 (15 days)
[2026-09-30T14:05:54Z]   chunk 138/366: days 2055..2070 (15 days)
[2026-09-30T14:06:00Z]   chunk 139/366: days 2070..2085 (15 days)
[2026-09-30T14:06:06Z]   chunk 140/366: days 2085..2100 (15 days)
[2026-09-30T14:06:12Z]   chunk 141/366: days 2100..2115 (15 days)
[2026-09-30T14:06:19Z]   chunk 142/366: days 2115..2130 (15 days)
[2026-09-30T14:06:25Z]   chunk 143/366: days 2130..2145 (15 days)
[2026-09-30T14:06:31Z]   chunk 144/366: days 2145..2160 (15 days)
[2026-09-30T14:06:37Z]   chunk 145/366: days 2160..2175 (15 days)
[2026-09-30T14:06:43Z]   chunk 146/366: days 2175..2190 (15 days)
[2026-09-30T14:06:50Z]   chunk 147/366: days 2190..2205 (15 days)
[2026-09-30T14:06:55Z]   chunk 148/366: days 2205..2220 (15 days)
[2026-09-30T14:07:02Z]   chunk 149/366: days 2220..2235 (15 days)
[2026-09-30T14:07:08Z]   chunk 150/366: days 2235..2250 (15 days)
[2026-09-30T14:07:15Z]   chunk 151/366: days 2250..2265 (15 days)
[2026-09-30T14:07:21Z]   chunk 152/366: days 2265..2280 (15 days)
[2026-09-30T14:07:27Z]   chunk 153/366: days 2280..2295 (15 days)
[2026-09-30T14:07:33Z]   chunk 154/366: days 2295..2310 (15 days)
[2026-09-30T14:07:39Z]   chunk 155/366: days 2310..2325 (15 days)
[2026-09-30T14:07:45Z]   chunk 156/366: days 2325..2340 (15 days)
[2026-09-30T14:07:51Z]   chunk 157/366: days 2340..2355 (15 days)
[2026-09-30T14:07:58Z]   chunk 158/366: days 2355..2370 (15 days)
[2026-09-30T14:08:04Z]   chunk 159/366: days 2370..2385 (15 days)
[2026-09-30T14:08:10Z]   chunk 160/366: days 2385..2400 (15 days)
[2026-09-30T14:08:16Z]   chunk 161/366: days 2400..2415 (15 days)
[2026-09-30T14:08:23Z]   chunk 162/366: days 2415..2430 (15 days)
[2026-09-30T14:08:29Z]   chunk 163/366: days 2430..2445 (15 days)
[2026-09-30T14:08:35Z]   chunk 164/366: days 2445..2460 (15 days)
[2026-09-30T14:08:41Z]   chunk 165/366: days 2460..2475 (15 days)
[2026-09-30T14:08:48Z]   chunk 166/366: days 2475..2490 (15 days)
[2026-09-30T14:08:54Z]   chunk 167/366: days 2490..2505 (15 days)
[2026-09-30T14:09:00Z]   chunk 168/366: days 2505..2520 (15 days)
[2026-09-30T14:09:06Z]   chunk 169/366: days 2520..2535 (15 days)
[2026-09-30T14:09:12Z]   chunk 170/366: days 2535..2550 (15 days)
[2026-09-30T14:09:18Z]   chunk 171/366: days 2550..2565 (15 days)
[2026-09-30T14:09:24Z]   chunk 172/366: days 2565..2580 (15 days)
[2026-09-30T14:09:30Z]   chunk 173/366: days 2580..2595 (15 days)
[2026-09-30T14:09:36Z]   chunk 174/366: days 2595..2610 (15 days)
[2026-09-30T14:09:42Z]   chunk 175/366: days 2610..2625 (15 days)
[2026-09-30T14:09:49Z]   chunk 176/366: days 2625..2640 (15 days)
[2026-09-30T14:09:56Z]   chunk 177/366: days 2640..2655 (15 days)
[2026-09-30T14:10:02Z]   chunk 178/366: days 2655..2670 (15 days)
[2026-09-30T14:10:08Z]   chunk 179/366: days 2670..2685 (15 days)
[2026-09-30T14:10:14Z]   chunk 180/366: days 2685..2700 (15 days)
[2026-09-30T14:10:20Z]   chunk 181/366: days 2700..2715 (15 days)
[2026-09-30T14:10:26Z]   chunk 182/366: days 2715..2730 (15 days)
[2026-09-30T14:10:32Z]   chunk 183/366: days 2730..2745 (15 days)
[2026-09-30T14:10:38Z]   chunk 184/366: days 2745..2760 (15 days)
[2026-09-30T14:10:45Z]   chunk 185/366: days 2760..2775 (15 days)
[2026-09-30T14:10:51Z]   chunk 186/366: days 2775..2790 (15 days)
[2026-09-30T14:10:57Z]   chunk 187/366: days 2790..2805 (15 days)
[2026-09-30T14:11:03Z]   chunk 188/366: days 2805..2820 (15 days)
[2026-09-30T14:11:09Z]   chunk 189/366: days 2820..2835 (15 days)
[2026-09-30T14:11:16Z]   chunk 190/366: days 2835..2850 (15 days)
[2026-09-30T14:11:22Z]   chunk 191/366: days 2850..2865 (15 days)
[2026-09-30T14:11:28Z]   chunk 192/366: days 2865..2880 (15 days)
[2026-09-30T14:11:34Z]   chunk 193/366: days 2880..2895 (15 days)
[2026-09-30T14:11:40Z]   chunk 194/366: days 2895..2910 (15 days)
[2026-09-30T14:11:47Z]   chunk 195/366: days 2910..2925 (15 days)
[2026-09-30T14:11:53Z]   chunk 196/366: days 2925..2940 (15 days)
[2026-09-30T14:11:59Z]   chunk 197/366: days 2940..2955 (15 days)
[2026-09-30T14:12:06Z]   chunk 198/366: days 2955..2970 (15 days)
[2026-09-30T14:12:12Z]   chunk 199/366: days 2970..2985 (15 days)
[2026-09-30T14:12:18Z]   chunk 200/366: days 2985..3000 (15 days)
[2026-09-30T14:12:24Z]   chunk 201/366: days 3000..3015 (15 days)
[2026-09-30T14:12:30Z]   chunk 202/366: days 3015..3030 (15 days)
[2026-09-30T14:12:37Z]   chunk 203/366: days 3030..3045 (15 days)
[2026-09-30T14:12:43Z]   chunk 204/366: days 3045..3060 (15 days)
[2026-09-30T14:12:49Z]   chunk 205/366: days 3060..3075 (15 days)
[2026-09-30T14:12:55Z]   chunk 206/366: days 3075..3090 (15 days)
[2026-09-30T14:13:01Z]   chunk 207/366: days 3090..3105 (15 days)
[2026-09-30T14:13:07Z]   chunk 208/366: days 3105..3120 (15 days)
[2026-09-30T14:13:14Z]   chunk 209/366: days 3120..3135 (15 days)
[2026-09-30T14:13:20Z]   chunk 210/366: days 3135..3150 (15 days)
[2026-09-30T14:13:26Z]   chunk 211/366: days 3150..3165 (15 days)
[2026-09-30T14:13:32Z]   chunk 212/366: days 3165..3180 (15 days)
[2026-09-30T14:13:38Z]   chunk 213/366: days 3180..3195 (15 days)
[2026-09-30T14:13:45Z]   chunk 214/366: days 3195..3210 (15 days)
[2026-09-30T14:13:51Z]   chunk 215/366: days 3210..3225 (15 days)
[2026-09-30T14:13:57Z]   chunk 216/366: days 3225..3240 (15 days)
[2026-09-30T14:14:03Z]   chunk 217/366: days 3240..3255 (15 days)
[2026-09-30T14:14:10Z]   chunk 218/366: days 3255..3270 (15 days)
[2026-09-30T14:14:16Z]   chunk 219/366: days 3270..3285 (15 days)
[2026-09-30T14:14:22Z]   chunk 220/366: days 3285..3300 (15 days)
[2026-09-30T14:14:28Z]   chunk 221/366: days 3300..3315 (15 days)
[2026-09-30T14:14:34Z]   chunk 222/366: days 3315..3330 (15 days)
[2026-09-30T14:14:41Z]   chunk 223/366: days 3330..3345 (15 days)
[2026-09-30T14:14:46Z]   chunk 224/366: days 3345..3360 (15 days)
[2026-09-30T14:14:53Z]   chunk 225/366: days 3360..3375 (15 days)
[2026-09-30T14:14:59Z]   chunk 226/366: days 3375..3390 (15 days)
[2026-09-30T14:15:05Z]   chunk 227/366: days 3390..3405 (15 days)
[2026-09-30T14:15:11Z]   chunk 228/366: days 3405..3420 (15 days)
[2026-09-30T14:15:17Z]   chunk 229/366: days 3420..3435 (15 days)
[2026-09-30T14:15:23Z]   chunk 230/366: days 3435..3450 (15 days)
[2026-09-30T14:15:29Z]   chunk 231/366: days 3450..3465 (15 days)
[2026-09-30T14:15:36Z]   chunk 232/366: days 3465..3480 (15 days)
[2026-09-30T14:15:42Z]   chunk 233/366: days 3480..3495 (15 days)
[2026-09-30T14:15:48Z]   chunk 234/366: days 3495..3510 (15 days)
[2026-09-30T14:15:54Z]   chunk 235/366: days 3510..3525 (15 days)
[2026-09-30T14:16:00Z]   chunk 236/366: days 3525..3540 (15 days)
[2026-09-30T14:16:06Z]   chunk 237/366: days 3540..3555 (15 days)
[2026-09-30T14:16:12Z]   chunk 238/366: days 3555..3570 (15 days)
[2026-09-30T14:16:19Z]   chunk 239/366: days 3570..3585 (15 days)
[2026-09-30T14:16:25Z]   chunk 240/366: days 3585..3600 (15 days)
[2026-09-30T14:16:31Z]   chunk 241/366: days 3600..3615 (15 days)
[2026-09-30T14:16:38Z]   chunk 242/366: days 3615..3630 (15 days)
[2026-09-30T14:16:44Z]   chunk 243/366: days 3630..3645 (15 days)
[2026-09-30T14:16:50Z]   chunk 244/366: days 3645..3660 (15 days)
[2026-09-30T14:16:56Z]   chunk 245/366: days 3660..3675 (15 days)
[2026-09-30T14:17:03Z]   chunk 246/366: days 3675..3690 (15 days)
[2026-09-30T14:17:09Z]   chunk 247/366: days 3690..3705 (15 days)
[2026-09-30T14:17:15Z]   chunk 248/366: days 3705..3720 (15 days)
[2026-09-30T14:17:21Z]   chunk 249/366: days 3720..3735 (15 days)
[2026-09-30T14:17:28Z]   chunk 250/366: days 3735..3750 (15 days)
[2026-09-30T14:17:34Z]   chunk 251/366: days 3750..3765 (15 days)
[2026-09-30T14:17:40Z]   chunk 252/366: days 3765..3780 (15 days)
[2026-09-30T14:17:46Z]   chunk 253/366: days 3780..3795 (15 days)
[2026-09-30T14:17:52Z]   chunk 254/366: days 3795..3810 (15 days)
[2026-09-30T14:17:58Z]   chunk 255/366: days 3810..3825 (15 days)
[2026-09-30T14:18:04Z]   chunk 256/366: days 3825..3840 (15 days)
[2026-09-30T14:18:10Z]   chunk 257/366: days 3840..3855 (15 days)
[2026-09-30T14:18:17Z]   chunk 258/366: days 3855..3870 (15 days)
[2026-09-30T14:18:23Z]   chunk 259/366: days 3870..3885 (15 days)
[2026-09-30T14:18:29Z]   chunk 260/366: days 3885..3900 (15 days)
[2026-09-30T14:18:34Z]   chunk 261/366: days 3900..3915 (15 days)
[2026-09-30T14:18:41Z]   chunk 262/366: days 3915..3930 (15 days)
[2026-09-30T14:18:48Z]   chunk 263/366: days 3930..3945 (15 days)
[2026-09-30T14:18:54Z]   chunk 264/366: days 3945..3960 (15 days)
[2026-09-30T14:19:00Z]   chunk 265/366: days 3960..3975 (15 days)
[2026-09-30T14:19:06Z]   chunk 266/366: days 3975..3990 (15 days)
[2026-09-30T14:19:12Z]   chunk 267/366: days 3990..4005 (15 days)
[2026-09-30T14:19:18Z]   chunk 268/366: days 4005..4020 (15 days)
[2026-09-30T14:19:24Z]   chunk 269/366: days 4020..4035 (15 days)
[2026-09-30T14:19:31Z]   chunk 270/366: days 4035..4050 (15 days)
[2026-09-30T14:19:37Z]   chunk 271/366: days 4050..4065 (15 days)
[2026-09-30T14:19:44Z]   chunk 272/366: days 4065..4080 (15 days)
[2026-09-30T14:19:50Z]   chunk 273/366: days 4080..4095 (15 days)
[2026-09-30T14:19:56Z]   chunk 274/366: days 4095..4110 (15 days)
[2026-09-30T14:20:02Z]   chunk 275/366: days 4110..4125 (15 days)
[2026-09-30T14:20:09Z]   chunk 276/366: days 4125..4140 (15 days)
[2026-09-30T14:20:15Z]   chunk 277/366: days 4140..4155 (15 days)
[2026-09-30T14:20:21Z]   chunk 278/366: days 4155..4170 (15 days)
[2026-09-30T14:20:27Z]   chunk 279/366: days 4170..4185 (15 days)
[2026-09-30T14:20:33Z]   chunk 280/366: days 4185..4200 (15 days)
[2026-09-30T14:20:39Z]   chunk 281/366: days 4200..4215 (15 days)
[2026-09-30T14:20:45Z]   chunk 282/366: days 4215..4230 (15 days)
[2026-09-30T14:20:51Z]   chunk 283/366: days 4230..4245 (15 days)
[2026-09-30T14:20:57Z]   chunk 284/366: days 4245..4260 (15 days)
[2026-09-30T14:21:03Z]   chunk 285/366: days 4260..4275 (15 days)
[2026-09-30T14:21:09Z]   chunk 286/366: days 4275..4290 (15 days)
[2026-09-30T14:21:15Z]   chunk 287/366: days 4290..4305 (15 days)
[2026-09-30T14:21:21Z]   chunk 288/366: days 4305..4320 (15 days)
[2026-09-30T14:21:28Z]   chunk 289/366: days 4320..4335 (15 days)
[2026-09-30T14:21:34Z]   chunk 290/366: days 4335..4350 (15 days)
[2026-09-30T14:21:40Z]   chunk 291/366: days 4350..4365 (15 days)
[2026-09-30T14:21:47Z]   chunk 292/366: days 4365..4380 (15 days)
[2026-09-30T14:21:53Z]   chunk 293/366: days 4380..4395 (15 days)
[2026-09-30T14:21:59Z]   chunk 294/366: days 4395..4410 (15 days)
[2026-09-30T14:22:05Z]   chunk 295/366: days 4410..4425 (15 days)
[2026-09-30T14:22:11Z]   chunk 296/366: days 4425..4440 (15 days)
[2026-09-30T14:22:17Z]   chunk 297/366: days 4440..4455 (15 days)
[2026-09-30T14:22:23Z]   chunk 298/366: days 4455..4470 (15 days)
[2026-09-30T14:22:29Z]   chunk 299/366: days 4470..4485 (15 days)
[2026-09-30T14:22:35Z]   chunk 300/366: days 4485..4500 (15 days)
[2026-09-30T14:22:42Z]   chunk 301/366: days 4500..4515 (15 days)
[2026-09-30T14:22:48Z]   chunk 302/366: days 4515..4530 (15 days)
[2026-09-30T14:22:54Z]   chunk 303/366: days 4530..4545 (15 days)
[2026-09-30T14:23:01Z]   chunk 304/366: days 4545..4560 (15 days)
[2026-09-30T14:23:07Z]   chunk 305/366: days 4560..4575 (15 days)
[2026-09-30T14:23:13Z]   chunk 306/366: days 4575..4590 (15 days)
[2026-09-30T14:23:19Z]   chunk 307/366: days 4590..4605 (15 days)
[2026-09-30T14:23:26Z]   chunk 308/366: days 4605..4620 (15 days)
[2026-09-30T14:23:32Z]   chunk 309/366: days 4620..4635 (15 days)
[2026-09-30T14:23:38Z]   chunk 310/366: days 4635..4650 (15 days)
[2026-09-30T14:23:44Z]   chunk 311/366: days 4650..4665 (15 days)
[2026-09-30T14:23:50Z]   chunk 312/366: days 4665..4680 (15 days)
[2026-09-30T14:23:56Z]   chunk 313/366: days 4680..4695 (15 days)
[2026-09-30T14:24:02Z]   chunk 314/366: days 4695..4710 (15 days)
[2026-09-30T14:24:09Z]   chunk 315/366: days 4710..4725 (15 days)
[2026-09-30T14:24:15Z]   chunk 316/366: days 4725..4740 (15 days)
[2026-09-30T14:24:21Z]   chunk 317/366: days 4740..4755 (15 days)
[2026-09-30T14:24:28Z]   chunk 318/366: days 4755..4770 (15 days)
[2026-09-30T14:24:34Z]   chunk 319/366: days 4770..4785 (15 days)
[2026-09-30T14:24:40Z]   chunk 320/366: days 4785..4800 (15 days)
[2026-09-30T14:24:46Z]   chunk 321/366: days 4800..4815 (15 days)
[2026-09-30T14:24:52Z]   chunk 322/366: days 4815..4830 (15 days)
[2026-09-30T14:24:58Z]   chunk 323/366: days 4830..4845 (15 days)
[2026-09-30T14:25:05Z]   chunk 324/366: days 4845..4860 (15 days)
[2026-09-30T14:25:11Z]   chunk 325/366: days 4860..4875 (15 days)
[2026-09-30T14:25:17Z]   chunk 326/366: days 4875..4890 (15 days)
[2026-09-30T14:25:23Z]   chunk 327/366: days 4890..4905 (15 days)
[2026-09-30T14:25:30Z]   chunk 328/366: days 4905..4920 (15 days)
[2026-09-30T14:25:36Z]   chunk 329/366: days 4920..4935 (15 days)
[2026-09-30T14:25:42Z]   chunk 330/366: days 4935..4950 (15 days)
[2026-09-30T14:25:48Z]   chunk 331/366: days 4950..4965 (15 days)
[2026-09-30T14:25:55Z]   chunk 332/366: days 4965..4980 (15 days)
[2026-09-30T14:26:01Z]   chunk 333/366: days 4980..4995 (15 days)
[2026-09-30T14:26:07Z]   chunk 334/366: days 4995..5010 (15 days)
[2026-09-30T14:26:13Z]   chunk 335/366: days 5010..5025 (15 days)
[2026-09-30T14:26:19Z]   chunk 336/366: days 5025..5040 (15 days)
[2026-09-30T14:26:25Z]   chunk 337/366: days 5040..5055 (15 days)
[2026-09-30T14:26:32Z]   chunk 338/366: days 5055..5070 (15 days)
[2026-09-30T14:26:38Z]   chunk 339/366: days 5070..5085 (15 days)
[2026-09-30T14:26:44Z]   chunk 340/366: days 5085..5100 (15 days)
[2026-09-30T14:26:50Z]   chunk 341/366: days 5100..5115 (15 days)
[2026-09-30T14:26:56Z]   chunk 342/366: days 5115..5130 (15 days)
[2026-09-30T14:27:02Z]   chunk 343/366: days 5130..5145 (15 days)
[2026-09-30T14:27:08Z]   chunk 344/366: days 5145..5160 (15 days)
[2026-09-30T14:27:15Z]   chunk 345/366: days 5160..5175 (15 days)
[2026-09-30T14:27:20Z]   chunk 346/366: days 5175..5190 (15 days)
[2026-09-30T14:27:27Z]   chunk 347/366: days 5190..5205 (15 days)
[2026-09-30T14:27:33Z]   chunk 348/366: days 5205..5220 (15 days)
[2026-09-30T14:27:39Z]   chunk 349/366: days 5220..5235 (15 days)
[2026-09-30T14:27:45Z]   chunk 350/366: days 5235..5250 (15 days)
[2026-09-30T14:27:51Z]   chunk 351/366: days 5250..5265 (15 days)
[2026-09-30T14:27:58Z]   chunk 352/366: days 5265..5280 (15 days)
[2026-09-30T14:28:04Z]   chunk 353/366: days 5280..5295 (15 days)
[2026-09-30T14:28:09Z]   chunk 354/366: days 5295..5310 (15 days)
[2026-09-30T14:28:16Z]   chunk 355/366: days 5310..5325 (15 days)
[2026-09-30T14:28:22Z]   chunk 356/366: days 5325..5340 (15 days)
[2026-09-30T14:28:28Z]   chunk 357/366: days 5340..5355 (15 days)
[2026-09-30T14:28:35Z]   chunk 358/366: days 5355..5370 (15 days)
[2026-09-30T14:28:41Z]   chunk 359/366: days 5370..5385 (15 days)
[2026-09-30T14:28:47Z]   chunk 360/366: days 5385..5400 (15 days)
[2026-09-30T14:28:53Z]   chunk 361/366: days 5400..5415 (15 days)
[2026-09-30T14:28:59Z]   chunk 362/366: days 5415..5430 (15 days)
[2026-09-30T14:29:05Z]   chunk 363/366: days 5430..5445 (15 days)
[2026-09-30T14:29:12Z]   chunk 364/366: days 5445..5460 (15 days)
[2026-09-30T14:29:18Z]   chunk 365/366: days 5460..5475 (15 days)
[2026-09-30T14:29:21Z]   chunk 366/366: days 5475..5479 (4 days)
[2026-09-30T14:29:58Z] gauges with finite NSE: 2365 / 2365
[2026-09-30T14:29:58Z] median NSE (finite only): 0.7741
[2026-09-30T14:29:58Z] median KGE (finite only): 0.7970
[2026-09-30T14:29:58Z] baseline → /home/tbindas/projects/ddrs/.ddrs/runs/2026-09-30T13-50-59Z-train-and-test/baseline
run complete → /home/tbindas/projects/ddrs/.ddrs/runs/2026-09-30T13-50-59Z-train-and-test
