warning: data source drift since last plan: ["streamflow"] — relocking
run output → /home/tbindas/projects/ddrs/.ddrs/runs/2026-09-30T14-56-59Z-train-and-test
[2026-09-30T14:56:59Z] backend: cpu (NdArray, deterministic; sparse_solver forced to cpu)
[2026-09-30T14:56:59Z] DA_VALID filter: kept 2859/3211 gauges
[2026-09-30T14:56:59Z] gages_adjacency filter: kept 2365 gauges (dropped 0 missing, 494 headwater)
[2026-09-30T14:56:59Z] streamflow resolution: Daily
[2026-09-30T14:56:59Z] optimizer: Adam
[2026-09-30T14:56:59Z] warm start: loaded KAN head from /home/tbindas/projects/ddrs/.ddrs/runs/2026-09-13T17-22-30Z-train-and-test/checkpoints/epoch_50_mb_9/head
[2026-09-30T14:56:59Z] warm start: restored Adam state from /home/tbindas/projects/ddrs/.ddrs/runs/2026-09-13T17-22-30Z-train-and-test/checkpoints/epoch_50_mb_9/optim.mpk
[2026-09-30T14:56:59Z] warm start: resuming at epoch 50 mb 10 (rng + sampler restored)
[2026-09-30T14:56:59Z] epoch 50 lr=0.001
[2026-09-30T14:56:59Z] DA_VALID filter: kept 2859/3211 gauges
[2026-09-30T14:56:59Z] gages_adjacency filter: kept 2365 gauges (dropped 0 missing, 494 headwater)
[2026-09-30T14:56:59Z] streamflow resolution: Daily
[2026-09-30T14:56:59Z] Phase 1 took no optimizer step and wrote no checkpoint; testing the resumed checkpoint /home/tbindas/projects/ddrs/.ddrs/runs/2026-09-13T17-22-30Z-train-and-test/checkpoints/epoch_50_mb_9
[2026-09-30T14:57:07Z]   chunk 1/244: days 0..15 (15 days)
[2026-09-30T14:57:14Z]   chunk 2/244: days 15..30 (15 days)
[2026-09-30T14:57:19Z]   chunk 3/244: days 30..45 (15 days)
[2026-09-30T14:57:26Z]   chunk 4/244: days 45..60 (15 days)
[2026-09-30T14:57:32Z]   chunk 5/244: days 60..75 (15 days)
[2026-09-30T14:57:38Z]   chunk 6/244: days 75..90 (15 days)
[2026-09-30T14:57:45Z]   chunk 7/244: days 90..105 (15 days)
[2026-09-30T14:57:52Z]   chunk 8/244: days 105..120 (15 days)
[2026-09-30T14:57:58Z]   chunk 9/244: days 120..135 (15 days)
[2026-09-30T14:58:04Z]   chunk 10/244: days 135..150 (15 days)
[2026-09-30T14:58:10Z]   chunk 11/244: days 150..165 (15 days)
[2026-09-30T14:58:17Z]   chunk 12/244: days 165..180 (15 days)
[2026-09-30T14:58:23Z]   chunk 13/244: days 180..195 (15 days)
[2026-09-30T14:58:29Z]   chunk 14/244: days 195..210 (15 days)
[2026-09-30T14:58:35Z]   chunk 15/244: days 210..225 (15 days)
[2026-09-30T14:58:42Z]   chunk 16/244: days 225..240 (15 days)
[2026-09-30T14:58:48Z]   chunk 17/244: days 240..255 (15 days)
[2026-09-30T14:58:54Z]   chunk 18/244: days 255..270 (15 days)
[2026-09-30T14:59:00Z]   chunk 19/244: days 270..285 (15 days)
[2026-09-30T14:59:06Z]   chunk 20/244: days 285..300 (15 days)
[2026-09-30T14:59:12Z]   chunk 21/244: days 300..315 (15 days)
[2026-09-30T14:59:18Z]   chunk 22/244: days 315..330 (15 days)
[2026-09-30T14:59:24Z]   chunk 23/244: days 330..345 (15 days)
[2026-09-30T14:59:31Z]   chunk 24/244: days 345..360 (15 days)
[2026-09-30T14:59:37Z]   chunk 25/244: days 360..375 (15 days)
[2026-09-30T14:59:43Z]   chunk 26/244: days 375..390 (15 days)
[2026-09-30T14:59:49Z]   chunk 27/244: days 390..405 (15 days)
[2026-09-30T14:59:55Z]   chunk 28/244: days 405..420 (15 days)
[2026-09-30T15:00:01Z]   chunk 29/244: days 420..435 (15 days)
[2026-09-30T15:00:07Z]   chunk 30/244: days 435..450 (15 days)
[2026-09-30T15:00:14Z]   chunk 31/244: days 450..465 (15 days)
[2026-09-30T15:00:20Z]   chunk 32/244: days 465..480 (15 days)
[2026-09-30T15:00:26Z]   chunk 33/244: days 480..495 (15 days)
[2026-09-30T15:00:33Z]   chunk 34/244: days 495..510 (15 days)
[2026-09-30T15:00:39Z]   chunk 35/244: days 510..525 (15 days)
[2026-09-30T15:00:45Z]   chunk 36/244: days 525..540 (15 days)
[2026-09-30T15:00:51Z]   chunk 37/244: days 540..555 (15 days)
[2026-09-30T15:00:57Z]   chunk 38/244: days 555..570 (15 days)
[2026-09-30T15:01:03Z]   chunk 39/244: days 570..585 (15 days)
[2026-09-30T15:01:09Z]   chunk 40/244: days 585..600 (15 days)
[2026-09-30T15:01:15Z]   chunk 41/244: days 600..615 (15 days)
[2026-09-30T15:01:21Z]   chunk 42/244: days 615..630 (15 days)
[2026-09-30T15:01:28Z]   chunk 43/244: days 630..645 (15 days)
[2026-09-30T15:01:34Z]   chunk 44/244: days 645..660 (15 days)
[2026-09-30T15:01:40Z]   chunk 45/244: days 660..675 (15 days)
[2026-09-30T15:01:46Z]   chunk 46/244: days 675..690 (15 days)
[2026-09-30T15:01:53Z]   chunk 47/244: days 690..705 (15 days)
[2026-09-30T15:01:59Z]   chunk 48/244: days 705..720 (15 days)
[2026-09-30T15:02:05Z]   chunk 49/244: days 720..735 (15 days)
[2026-09-30T15:02:11Z]   chunk 50/244: days 735..750 (15 days)
[2026-09-30T15:02:17Z]   chunk 51/244: days 750..765 (15 days)
[2026-09-30T15:02:23Z]   chunk 52/244: days 765..780 (15 days)
[2026-09-30T15:02:29Z]   chunk 53/244: days 780..795 (15 days)
[2026-09-30T15:02:35Z]   chunk 54/244: days 795..810 (15 days)
[2026-09-30T15:02:42Z]   chunk 55/244: days 810..825 (15 days)
[2026-09-30T15:02:48Z]   chunk 56/244: days 825..840 (15 days)
[2026-09-30T15:02:54Z]   chunk 57/244: days 840..855 (15 days)
[2026-09-30T15:03:01Z]   chunk 58/244: days 855..870 (15 days)
[2026-09-30T15:03:07Z]   chunk 59/244: days 870..885 (15 days)
[2026-09-30T15:03:13Z]   chunk 60/244: days 885..900 (15 days)
[2026-09-30T15:03:19Z]   chunk 61/244: days 900..915 (15 days)
[2026-09-30T15:03:25Z]   chunk 62/244: days 915..930 (15 days)
[2026-09-30T15:03:31Z]   chunk 63/244: days 930..945 (15 days)
[2026-09-30T15:03:37Z]   chunk 64/244: days 945..960 (15 days)
[2026-09-30T15:03:44Z]   chunk 65/244: days 960..975 (15 days)
[2026-09-30T15:03:49Z]   chunk 66/244: days 975..990 (15 days)
[2026-09-30T15:03:56Z]   chunk 67/244: days 990..1005 (15 days)
[2026-09-30T15:04:02Z]   chunk 68/244: days 1005..1020 (15 days)
[2026-09-30T15:04:08Z]   chunk 69/244: days 1020..1035 (15 days)
[2026-09-30T15:04:15Z]   chunk 70/244: days 1035..1050 (15 days)
[2026-09-30T15:04:20Z]   chunk 71/244: days 1050..1065 (15 days)
[2026-09-30T15:04:27Z]   chunk 72/244: days 1065..1080 (15 days)
[2026-09-30T15:04:33Z]   chunk 73/244: days 1080..1095 (15 days)
[2026-09-30T15:04:39Z]   chunk 74/244: days 1095..1110 (15 days)
[2026-09-30T15:04:45Z]   chunk 75/244: days 1110..1125 (15 days)
[2026-09-30T15:04:51Z]   chunk 76/244: days 1125..1140 (15 days)
[2026-09-30T15:04:57Z]   chunk 77/244: days 1140..1155 (15 days)
[2026-09-30T15:05:03Z]   chunk 78/244: days 1155..1170 (15 days)
[2026-09-30T15:05:10Z]   chunk 79/244: days 1170..1185 (15 days)
[2026-09-30T15:05:16Z]   chunk 80/244: days 1185..1200 (15 days)
[2026-09-30T15:05:22Z]   chunk 81/244: days 1200..1215 (15 days)
[2026-09-30T15:05:28Z]   chunk 82/244: days 1215..1230 (15 days)
[2026-09-30T15:05:34Z]   chunk 83/244: days 1230..1245 (15 days)
[2026-09-30T15:05:41Z]   chunk 84/244: days 1245..1260 (15 days)
[2026-09-30T15:05:47Z]   chunk 85/244: days 1260..1275 (15 days)
[2026-09-30T15:05:53Z]   chunk 86/244: days 1275..1290 (15 days)
[2026-09-30T15:05:59Z]   chunk 87/244: days 1290..1305 (15 days)
[2026-09-30T15:06:05Z]   chunk 88/244: days 1305..1320 (15 days)
[2026-09-30T15:06:11Z]   chunk 89/244: days 1320..1335 (15 days)
[2026-09-30T15:06:18Z]   chunk 90/244: days 1335..1350 (15 days)
[2026-09-30T15:06:24Z]   chunk 91/244: days 1350..1365 (15 days)
[2026-09-30T15:06:31Z]   chunk 92/244: days 1365..1380 (15 days)
[2026-09-30T15:06:36Z]   chunk 93/244: days 1380..1395 (15 days)
[2026-09-30T15:06:43Z]   chunk 94/244: days 1395..1410 (15 days)
[2026-09-30T15:06:50Z]   chunk 95/244: days 1410..1425 (15 days)
[2026-09-30T15:06:56Z]   chunk 96/244: days 1425..1440 (15 days)
[2026-09-30T15:07:02Z]   chunk 97/244: days 1440..1455 (15 days)
[2026-09-30T15:07:08Z]   chunk 98/244: days 1455..1470 (15 days)
[2026-09-30T15:07:15Z]   chunk 99/244: days 1470..1485 (15 days)
[2026-09-30T15:07:21Z]   chunk 100/244: days 1485..1500 (15 days)
[2026-09-30T15:07:27Z]   chunk 101/244: days 1500..1515 (15 days)
[2026-09-30T15:07:33Z]   chunk 102/244: days 1515..1530 (15 days)
[2026-09-30T15:07:39Z]   chunk 103/244: days 1530..1545 (15 days)
[2026-09-30T15:07:45Z]   chunk 104/244: days 1545..1560 (15 days)
[2026-09-30T15:07:52Z]   chunk 105/244: days 1560..1575 (15 days)
[2026-09-30T15:07:58Z]   chunk 106/244: days 1575..1590 (15 days)
[2026-09-30T15:08:04Z]   chunk 107/244: days 1590..1605 (15 days)
[2026-09-30T15:08:10Z]   chunk 108/244: days 1605..1620 (15 days)
[2026-09-30T15:08:16Z]   chunk 109/244: days 1620..1635 (15 days)
[2026-09-30T15:08:23Z]   chunk 110/244: days 1635..1650 (15 days)
[2026-09-30T15:08:29Z]   chunk 111/244: days 1650..1665 (15 days)
[2026-09-30T15:08:35Z]   chunk 112/244: days 1665..1680 (15 days)
[2026-09-30T15:08:41Z]   chunk 113/244: days 1680..1695 (15 days)
[2026-09-30T15:08:47Z]   chunk 114/244: days 1695..1710 (15 days)
[2026-09-30T15:08:53Z]   chunk 115/244: days 1710..1725 (15 days)
[2026-09-30T15:09:00Z]   chunk 116/244: days 1725..1740 (15 days)
[2026-09-30T15:09:05Z]   chunk 117/244: days 1740..1755 (15 days)
[2026-09-30T15:09:12Z]   chunk 118/244: days 1755..1770 (15 days)
[2026-09-30T15:09:18Z]   chunk 119/244: days 1770..1785 (15 days)
[2026-09-30T15:09:24Z]   chunk 120/244: days 1785..1800 (15 days)
[2026-09-30T15:09:31Z]   chunk 121/244: days 1800..1815 (15 days)
[2026-09-30T15:09:36Z]   chunk 122/244: days 1815..1830 (15 days)
[2026-09-30T15:09:43Z]   chunk 123/244: days 1830..1845 (15 days)
[2026-09-30T15:09:49Z]   chunk 124/244: days 1845..1860 (15 days)
[2026-09-30T15:09:55Z]   chunk 125/244: days 1860..1875 (15 days)
[2026-09-30T15:10:01Z]   chunk 126/244: days 1875..1890 (15 days)
[2026-09-30T15:10:08Z]   chunk 127/244: days 1890..1905 (15 days)
[2026-09-30T15:10:15Z]   chunk 128/244: days 1905..1920 (15 days)
[2026-09-30T15:10:21Z]   chunk 129/244: days 1920..1935 (15 days)
[2026-09-30T15:10:27Z]   chunk 130/244: days 1935..1950 (15 days)
[2026-09-30T15:10:33Z]   chunk 131/244: days 1950..1965 (15 days)
[2026-09-30T15:10:39Z]   chunk 132/244: days 1965..1980 (15 days)
[2026-09-30T15:10:45Z]   chunk 133/244: days 1980..1995 (15 days)
[2026-09-30T15:10:52Z]   chunk 134/244: days 1995..2010 (15 days)
[2026-09-30T15:10:58Z]   chunk 135/244: days 2010..2025 (15 days)
[2026-09-30T15:11:04Z]   chunk 136/244: days 2025..2040 (15 days)
[2026-09-30T15:11:11Z]   chunk 137/244: days 2040..2055 (15 days)
[2026-09-30T15:11:17Z]   chunk 138/244: days 2055..2070 (15 days)
[2026-09-30T15:11:23Z]   chunk 139/244: days 2070..2085 (15 days)
[2026-09-30T15:11:30Z]   chunk 140/244: days 2085..2100 (15 days)
[2026-09-30T15:11:36Z]   chunk 141/244: days 2100..2115 (15 days)
[2026-09-30T15:11:43Z]   chunk 142/244: days 2115..2130 (15 days)
[2026-09-30T15:11:49Z]   chunk 143/244: days 2130..2145 (15 days)
[2026-09-30T15:11:55Z]   chunk 144/244: days 2145..2160 (15 days)
[2026-09-30T15:12:02Z]   chunk 145/244: days 2160..2175 (15 days)
[2026-09-30T15:12:08Z]   chunk 146/244: days 2175..2190 (15 days)
[2026-09-30T15:12:14Z]   chunk 147/244: days 2190..2205 (15 days)
[2026-09-30T15:12:20Z]   chunk 148/244: days 2205..2220 (15 days)
[2026-09-30T15:12:26Z]   chunk 149/244: days 2220..2235 (15 days)
[2026-09-30T15:12:32Z]   chunk 150/244: days 2235..2250 (15 days)
[2026-09-30T15:12:39Z]   chunk 151/244: days 2250..2265 (15 days)
[2026-09-30T15:12:45Z]   chunk 152/244: days 2265..2280 (15 days)
[2026-09-30T15:12:51Z]   chunk 153/244: days 2280..2295 (15 days)
[2026-09-30T15:12:58Z]   chunk 154/244: days 2295..2310 (15 days)
[2026-09-30T15:13:04Z]   chunk 155/244: days 2310..2325 (15 days)
[2026-09-30T15:13:10Z]   chunk 156/244: days 2325..2340 (15 days)
[2026-09-30T15:13:17Z]   chunk 157/244: days 2340..2355 (15 days)
[2026-09-30T15:13:23Z]   chunk 158/244: days 2355..2370 (15 days)
[2026-09-30T15:13:29Z]   chunk 159/244: days 2370..2385 (15 days)
[2026-09-30T15:13:35Z]   chunk 160/244: days 2385..2400 (15 days)
[2026-09-30T15:13:41Z]   chunk 161/244: days 2400..2415 (15 days)
[2026-09-30T15:13:47Z]   chunk 162/244: days 2415..2430 (15 days)
[2026-09-30T15:13:53Z]   chunk 163/244: days 2430..2445 (15 days)
[2026-09-30T15:13:59Z]   chunk 164/244: days 2445..2460 (15 days)
[2026-09-30T15:14:05Z]   chunk 165/244: days 2460..2475 (15 days)
[2026-09-30T15:14:11Z]   chunk 166/244: days 2475..2490 (15 days)
[2026-09-30T15:14:17Z]   chunk 167/244: days 2490..2505 (15 days)
[2026-09-30T15:14:24Z]   chunk 168/244: days 2505..2520 (15 days)
[2026-09-30T15:14:30Z]   chunk 169/244: days 2520..2535 (15 days)
[2026-09-30T15:14:37Z]   chunk 170/244: days 2535..2550 (15 days)
[2026-09-30T15:14:43Z]   chunk 171/244: days 2550..2565 (15 days)
[2026-09-30T15:14:49Z]   chunk 172/244: days 2565..2580 (15 days)
[2026-09-30T15:14:55Z]   chunk 173/244: days 2580..2595 (15 days)
[2026-09-30T15:15:01Z]   chunk 174/244: days 2595..2610 (15 days)
[2026-09-30T15:15:07Z]   chunk 175/244: days 2610..2625 (15 days)
[2026-09-30T15:15:13Z]   chunk 176/244: days 2625..2640 (15 days)
[2026-09-30T15:15:20Z]   chunk 177/244: days 2640..2655 (15 days)
[2026-09-30T15:15:26Z]   chunk 178/244: days 2655..2670 (15 days)
[2026-09-30T15:15:32Z]   chunk 179/244: days 2670..2685 (15 days)
[2026-09-30T15:15:38Z]   chunk 180/244: days 2685..2700 (15 days)
[2026-09-30T15:15:44Z]   chunk 181/244: days 2700..2715 (15 days)
[2026-09-30T15:15:50Z]   chunk 182/244: days 2715..2730 (15 days)
[2026-09-30T15:15:57Z]   chunk 183/244: days 2730..2745 (15 days)
[2026-09-30T15:16:03Z]   chunk 184/244: days 2745..2760 (15 days)
[2026-09-30T15:16:09Z]   chunk 185/244: days 2760..2775 (15 days)
[2026-09-30T15:16:15Z]   chunk 186/244: days 2775..2790 (15 days)
[2026-09-30T15:16:22Z]   chunk 187/244: days 2790..2805 (15 days)
[2026-09-30T15:16:28Z]   chunk 188/244: days 2805..2820 (15 days)
[2026-09-30T15:16:34Z]   chunk 189/244: days 2820..2835 (15 days)
[2026-09-30T15:16:40Z]   chunk 190/244: days 2835..2850 (15 days)
[2026-09-30T15:16:46Z]   chunk 191/244: days 2850..2865 (15 days)
[2026-09-30T15:16:53Z]   chunk 192/244: days 2865..2880 (15 days)
[2026-09-30T15:16:59Z]   chunk 193/244: days 2880..2895 (15 days)
[2026-09-30T15:17:05Z]   chunk 194/244: days 2895..2910 (15 days)
[2026-09-30T15:17:11Z]   chunk 195/244: days 2910..2925 (15 days)
[2026-09-30T15:17:17Z]   chunk 196/244: days 2925..2940 (15 days)
[2026-09-30T15:17:23Z]   chunk 197/244: days 2940..2955 (15 days)
[2026-09-30T15:17:30Z]   chunk 198/244: days 2955..2970 (15 days)
[2026-09-30T15:17:36Z]   chunk 199/244: days 2970..2985 (15 days)
[2026-09-30T15:17:42Z]   chunk 200/244: days 2985..3000 (15 days)
[2026-09-30T15:17:48Z]   chunk 201/244: days 3000..3015 (15 days)
[2026-09-30T15:17:54Z]   chunk 202/244: days 3015..3030 (15 days)
[2026-09-30T15:18:00Z]   chunk 203/244: days 3030..3045 (15 days)
[2026-09-30T15:18:07Z]   chunk 204/244: days 3045..3060 (15 days)
[2026-09-30T15:18:13Z]   chunk 205/244: days 3060..3075 (15 days)
[2026-09-30T15:18:20Z]   chunk 206/244: days 3075..3090 (15 days)
[2026-09-30T15:18:26Z]   chunk 207/244: days 3090..3105 (15 days)
[2026-09-30T15:18:32Z]   chunk 208/244: days 3105..3120 (15 days)
[2026-09-30T15:18:38Z]   chunk 209/244: days 3120..3135 (15 days)
[2026-09-30T15:18:44Z]   chunk 210/244: days 3135..3150 (15 days)
[2026-09-30T15:18:50Z]   chunk 211/244: days 3150..3165 (15 days)
[2026-09-30T15:18:57Z]   chunk 212/244: days 3165..3180 (15 days)
[2026-09-30T15:19:03Z]   chunk 213/244: days 3180..3195 (15 days)
[2026-09-30T15:19:10Z]   chunk 214/244: days 3195..3210 (15 days)
[2026-09-30T15:19:16Z]   chunk 215/244: days 3210..3225 (15 days)
[2026-09-30T15:19:23Z]   chunk 216/244: days 3225..3240 (15 days)
[2026-09-30T15:19:28Z]   chunk 217/244: days 3240..3255 (15 days)
[2026-09-30T15:19:34Z]   chunk 218/244: days 3255..3270 (15 days)
[2026-09-30T15:19:41Z]   chunk 219/244: days 3270..3285 (15 days)
[2026-09-30T15:19:47Z]   chunk 220/244: days 3285..3300 (15 days)
[2026-09-30T15:19:53Z]   chunk 221/244: days 3300..3315 (15 days)
[2026-09-30T15:20:00Z]   chunk 222/244: days 3315..3330 (15 days)
[2026-09-30T15:20:06Z]   chunk 223/244: days 3330..3345 (15 days)
[2026-09-30T15:20:12Z]   chunk 224/244: days 3345..3360 (15 days)
[2026-09-30T15:20:18Z]   chunk 225/244: days 3360..3375 (15 days)
[2026-09-30T15:20:24Z]   chunk 226/244: days 3375..3390 (15 days)
[2026-09-30T15:20:31Z]   chunk 227/244: days 3390..3405 (15 days)
[2026-09-30T15:20:37Z]   chunk 228/244: days 3405..3420 (15 days)
[2026-09-30T15:20:43Z]   chunk 229/244: days 3420..3435 (15 days)
[2026-09-30T15:20:49Z]   chunk 230/244: days 3435..3450 (15 days)
[2026-09-30T15:20:55Z]   chunk 231/244: days 3450..3465 (15 days)
[2026-09-30T15:21:01Z]   chunk 232/244: days 3465..3480 (15 days)
[2026-09-30T15:21:08Z]   chunk 233/244: days 3480..3495 (15 days)
[2026-09-30T15:21:14Z]   chunk 234/244: days 3495..3510 (15 days)
[2026-09-30T15:21:21Z]   chunk 235/244: days 3510..3525 (15 days)
[2026-09-30T15:21:27Z]   chunk 236/244: days 3525..3540 (15 days)
[2026-09-30T15:21:33Z]   chunk 237/244: days 3540..3555 (15 days)
[2026-09-30T15:21:39Z]   chunk 238/244: days 3555..3570 (15 days)
[2026-09-30T15:21:46Z]   chunk 239/244: days 3570..3585 (15 days)
[2026-09-30T15:21:52Z]   chunk 240/244: days 3585..3600 (15 days)
[2026-09-30T15:21:58Z]   chunk 241/244: days 3600..3615 (15 days)
[2026-09-30T15:22:04Z]   chunk 242/244: days 3615..3630 (15 days)
[2026-09-30T15:22:10Z]   chunk 243/244: days 3630..3645 (15 days)
[2026-09-30T15:22:15Z]   chunk 244/244: days 3645..3652 (7 days)
[2026-09-30T15:22:36Z] gauges with finite NSE: 2365 / 2365
[2026-09-30T15:22:36Z] median NSE (finite only): 0.7799
[2026-09-30T15:22:36Z] median KGE (finite only): 0.7898
[2026-09-30T15:22:36Z] baseline → /home/tbindas/projects/ddrs/.ddrs/runs/2026-09-30T14-56-59Z-train-and-test/baseline
run complete → /home/tbindas/projects/ddrs/.ddrs/runs/2026-09-30T14-56-59Z-train-and-test
